  Attacker.cpp
  EjemploConstCast.cpp
  GameObject.cpp
C:\Users\ALUMNOS\Desktop\raylib_inaki\src\GameObject.cpp(11,43): warning C4244: 'argumento': conversión de 'float' a 'int'; posible pérdida de datos
C:\Users\ALUMNOS\Desktop\raylib_inaki\src\GameObject.cpp(11,31): warning C4244: 'argumento': conversión de 'float' a 'int'; posible pérdida de datos
C:\Users\ALUMNOS\Desktop\raylib_inaki\src\GameObject.cpp(15,49): warning C4244: 'argumento': conversión de 'float' a 'int'; posible pérdida de datos
C:\Users\ALUMNOS\Desktop\raylib_inaki\src\GameObject.cpp(15,34): warning C4244: 'argumento': conversión de 'float' a 'int'; posible pérdida de datos
  main.cpp
  Player.cpp
C:\Users\ALUMNOS\Desktop\raylib_inaki\src\Player.cpp(11,7): error C2872: 'Player': símbolo ambiguo
      C:\Users\ALUMNOS\Desktop\raylib_inaki\src\Player.h(9,7):
      puede ser 'Player'
      C:\Users\ALUMNOS\Desktop\raylib_inaki\include\Weapon.h(6,8):
      o       'LoW::Player'
  
C:\Users\ALUMNOS\Desktop\raylib_inaki\src\Player.cpp(31,7): error C2872: 'Player': símbolo ambiguo
      C:\Users\ALUMNOS\Desktop\raylib_inaki\src\Player.h(9,7):
      puede ser 'Player'
      C:\Users\ALUMNOS\Desktop\raylib_inaki\include\Weapon.h(6,8):
      o       'LoW::Player'
  
C:\Users\ALUMNOS\Desktop\raylib_inaki\src\Player.cpp(36,12): error C2872: 'Player': símbolo ambiguo
      C:\Users\ALUMNOS\Desktop\raylib_inaki\src\Player.h(9,7):
      puede ser 'Player'
      C:\Users\ALUMNOS\Desktop\raylib_inaki\include\Weapon.h(6,8):
      o       'LoW::Player'
  
  Sidekick.cpp
  Weapon.cpp
C:\Users\ALUMNOS\Desktop\raylib_inaki\include\Weapon.h(7,42): error C2504: 'Attacker': clase base sin definir
  (compilando archivo de origen "../../src/Weapon.cpp")
  
C:\Users\ALUMNOS\Desktop\raylib_inaki\include\Weapon.h(14,8): error C3668: 'LoW::Weapon::Fire': el método con el especificador de invalidación 'override' no invalidó ningún método de clase base
  (compilando archivo de origen "../../src/Weapon.cpp")
  
C:\Users\ALUMNOS\Desktop\raylib_inaki\include\Weapon.h(16,9): error C2039: "cout": no es un miembro de "std"
  (compilando archivo de origen "../../src/Weapon.cpp")
      C:\Program Files\Microsoft Visual Studio\2022\Community\VC\Tools\MSVC\14.43.34808\include\string(23,1):
      vea la declaración de 'std'
  
C:\Users\ALUMNOS\Desktop\raylib_inaki\include\Weapon.h(16,9): error C2065: 'cout': identificador no declarado
  (compilando archivo de origen "../../src/Weapon.cpp")
  
C:\Users\ALUMNOS\Desktop\raylib_inaki\include\Weapon.h(16,41): error C2039: "endl": no es un miembro de "std"
  (compilando archivo de origen "../../src/Weapon.cpp")
      C:\Program Files\Microsoft Visual Studio\2022\Community\VC\Tools\MSVC\14.43.34808\include\string(23,1):
      vea la declaración de 'std'
  
C:\Users\ALUMNOS\Desktop\raylib_inaki\include\Weapon.h(16,41): error C2065: 'endl': identificador no declarado
  (compilando archivo de origen "../../src/Weapon.cpp")
  
  Generando código...
