c:\users\alumnos\desktop\raylib_inaki\build\build_files\obj\x64\debug\raylib-quickstart\vc143.pdb
c:\users\alumnos\desktop\raylib_inaki\build\build_files\obj\x64\debug\raylib-quickstart\vc143.idb
c:\users\alumnos\desktop\raylib_inaki\build\build_files\obj\x64\debug\raylib-quickstart\player.obj
c:\users\alumnos\desktop\raylib_inaki\build\build_files\obj\x64\debug\raylib-quickstart\main.obj
c:\users\alumnos\desktop\raylib_inaki\build\build_files\obj\x64\debug\raylib-quickstart\gameobject.obj
c:\users\alumnos\desktop\raylib_inaki\build\build_files\obj\x64\debug\raylib-quickstart\weapon.obj
c:\users\alumnos\desktop\raylib_inaki\build\build_files\obj\x64\debug\raylib-quickstart\ejemploconstcast.obj
c:\users\alumnos\desktop\raylib_inaki\build\build_files\obj\x64\debug\raylib-quickstart\attacker.obj
c:\users\alumnos\desktop\raylib_inaki\build\build_files\obj\x64\debug\raylib-quickstart\sidekick.obj
c:\users\alumnos\desktop\raylib_inaki\bin\debug\raylib-quickstart.exe
c:\users\alumnos\desktop\raylib_inaki\bin\debug\raylib-quickstart.pdb
c:\users\alumnos\desktop\raylib_inaki\build\build_files\obj\x64\debug\raylib-quickstart\raylib-quickstart.ilk
c:\users\alumnos\desktop\raylib_inaki\build\build_files\obj\x64\debug\raylib-quickstart\raylib-q.e0d8fa17.tlog\cl.command.1.tlog
c:\users\alumnos\desktop\raylib_inaki\build\build_files\obj\x64\debug\raylib-quickstart\raylib-q.e0d8fa17.tlog\cl.items.tlog
c:\users\alumnos\desktop\raylib_inaki\build\build_files\obj\x64\debug\raylib-quickstart\raylib-q.e0d8fa17.tlog\cl.read.1.tlog
c:\users\alumnos\desktop\raylib_inaki\build\build_files\obj\x64\debug\raylib-quickstart\raylib-q.e0d8fa17.tlog\cl.write.1.tlog
c:\users\alumnos\desktop\raylib_inaki\build\build_files\obj\x64\debug\raylib-quickstart\raylib-q.e0d8fa17.tlog\link-cvtres.read.1.tlog
c:\users\alumnos\desktop\raylib_inaki\build\build_files\obj\x64\debug\raylib-quickstart\raylib-q.e0d8fa17.tlog\link-cvtres.write.1.tlog
c:\users\alumnos\desktop\raylib_inaki\build\build_files\obj\x64\debug\raylib-quickstart\raylib-q.e0d8fa17.tlog\link-rc.read.1.tlog
c:\users\alumnos\desktop\raylib_inaki\build\build_files\obj\x64\debug\raylib-quickstart\raylib-q.e0d8fa17.tlog\link-rc.write.1.tlog
c:\users\alumnos\desktop\raylib_inaki\build\build_files\obj\x64\debug\raylib-quickstart\raylib-q.e0d8fa17.tlog\link.command.1.tlog
c:\users\alumnos\desktop\raylib_inaki\build\build_files\obj\x64\debug\raylib-quickstart\raylib-q.e0d8fa17.tlog\link.read.1.tlog
c:\users\alumnos\desktop\raylib_inaki\build\build_files\obj\x64\debug\raylib-quickstart\raylib-q.e0d8fa17.tlog\link.read.2.tlog
c:\users\alumnos\desktop\raylib_inaki\build\build_files\obj\x64\debug\raylib-quickstart\raylib-q.e0d8fa17.tlog\link.read.3.tlog
c:\users\alumnos\desktop\raylib_inaki\build\build_files\obj\x64\debug\raylib-quickstart\raylib-q.e0d8fa17.tlog\link.read.4.tlog
c:\users\alumnos\desktop\raylib_inaki\build\build_files\obj\x64\debug\raylib-quickstart\raylib-q.e0d8fa17.tlog\link.read.5.tlog
c:\users\alumnos\desktop\raylib_inaki\build\build_files\obj\x64\debug\raylib-quickstart\raylib-q.e0d8fa17.tlog\link.secondary.1.tlog
c:\users\alumnos\desktop\raylib_inaki\build\build_files\obj\x64\debug\raylib-quickstart\raylib-q.e0d8fa17.tlog\link.write.1.tlog
