
---
events:
  -
    kind: "message-v1"
    backtrace:
      - "C:/Users/Alumnos/AppData/Local/vcpkg/downloads/tools/cmake-3.30.1-windows/cmake-3.30.1-windows-i386/share/cmake-3.30/Modules/CMakeDetermineSystem.cmake:205 (message)"
      - "CMakeLists.txt:65 (project)"
    message: |
      The system is: Windows - 10.0.19045 - AMD64
  -
    kind: "message-v1"
    backtrace:
      - "C:/Users/Alumnos/AppData/Local/vcpkg/downloads/tools/cmake-3.30.1-windows/cmake-3.30.1-windows-i386/share/cmake-3.30/Modules/CMakeDetermineCompilerId.cmake:17 (message)"
      - "C:/Users/Alumnos/AppData/Local/vcpkg/downloads/tools/cmake-3.30.1-windows/cmake-3.30.1-windows-i386/share/cmake-3.30/Modules/CMakeDetermineCompilerId.cmake:64 (__determine_compiler_id_test)"
      - "C:/Users/Alumnos/AppData/Local/vcpkg/downloads/tools/cmake-3.30.1-windows/cmake-3.30.1-windows-i386/share/cmake-3.30/Modules/CMakeDetermineCCompiler.cmake:123 (CMAKE_DETERMINE_COMPILER_ID)"
      - "CMakeLists.txt:65 (project)"
    message: |
      Compiling the C compiler identification source file "CMakeCCompilerId.c" succeeded.
      Compiler: C:/Program Files/Microsoft Visual Studio/2022/Community/VC/Tools/MSVC/14.43.34808/bin/Hostx64/x64/cl.exe 
      Build flags: /nologo;/DWIN32;/D_WINDOWS;/utf-8;/MP
      Id flags:  
      
      The output was:
      0
      CMakeCCompilerId.c
      
      
      Compilation of the C compiler identification source "CMakeCCompilerId.c" produced "CMakeCCompilerId.exe"
      
      Compilation of the C compiler identification source "CMakeCCompilerId.c" produced "CMakeCCompilerId.obj"
      
      The C compiler identification is MSVC, found in:
        C:/Users/Alumnos/Desktop/POO_Gameinaki/vcpkg_installed/vcpkg/blds/curl/x64-windows-dbg/CMakeFiles/3.30.1/CompilerIdC/CMakeCCompilerId.exe
      
  -
    kind: "message-v1"
    backtrace:
      - "C:/Users/Alumnos/AppData/Local/vcpkg/downloads/tools/cmake-3.30.1-windows/cmake-3.30.1-windows-i386/share/cmake-3.30/Modules/CMakeDetermineCompilerId.cmake:1243 (message)"
      - "C:/Users/Alumnos/AppData/Local/vcpkg/downloads/tools/cmake-3.30.1-windows/cmake-3.30.1-windows-i386/share/cmake-3.30/Modules/CMakeDetermineCompilerId.cmake:250 (CMAKE_DETERMINE_MSVC_SHOWINCLUDES_PREFIX)"
      - "C:/Users/Alumnos/AppData/Local/vcpkg/downloads/tools/cmake-3.30.1-windows/cmake-3.30.1-windows-i386/share/cmake-3.30/Modules/CMakeDetermineCCompiler.cmake:123 (CMAKE_DETERMINE_COMPILER_ID)"
      - "CMakeLists.txt:65 (project)"
    message: |
      Detecting C compiler /showIncludes prefix:
        main.c
        Nota: inclusión del archivo: C:\\Users\\Alumnos\\Desktop\\POO_Gameinaki\\vcpkg_installed\\vcpkg\\blds\\curl\\x64-windows-dbg\\CMakeFiles\\ShowIncludes\\foo.h
        
      Found prefix "Nota: inclusión del archivo: "
  -
    kind: "try_compile-v1"
    backtrace:
      - "C:/Users/Alumnos/AppData/Local/vcpkg/downloads/tools/cmake-3.30.1-windows/cmake-3.30.1-windows-i386/share/cmake-3.30/Modules/CMakeDetermineCompilerABI.cmake:74 (try_compile)"
      - "C:/Users/Alumnos/AppData/Local/vcpkg/downloads/tools/cmake-3.30.1-windows/cmake-3.30.1-windows-i386/share/cmake-3.30/Modules/CMakeTestCCompiler.cmake:26 (CMAKE_DETERMINE_COMPILER_ABI)"
      - "CMakeLists.txt:65 (project)"
    checks:
      - "Detecting C compiler ABI info"
    directories:
      source: "C:/Users/Alumnos/Desktop/POO_Gameinaki/vcpkg_installed/vcpkg/blds/curl/x64-windows-dbg/CMakeFiles/CMakeScratch/TryCompile-w1pyip"
      binary: "C:/Users/Alumnos/Desktop/POO_Gameinaki/vcpkg_installed/vcpkg/blds/curl/x64-windows-dbg/CMakeFiles/CMakeScratch/TryCompile-w1pyip"
    cmakeVariables:
      CMAKE_C_FLAGS: " /nologo /DWIN32 /D_WINDOWS /utf-8 /MP "
      CMAKE_C_FLAGS_DEBUG: "/D_DEBUG /MDd /Z7 /Ob0 /Od /RTC1 "
      CMAKE_EXE_LINKER_FLAGS: "/machine:x64"
      CMAKE_MODULE_PATH: "C:/Users/Alumnos/Desktop/POO_Gameinaki/vcpkg_installed/vcpkg/blds/curl/src/url-8_15_0-8a95464ca7.clean/CMake"
      CMAKE_MSVC_DEBUG_INFORMATION_FORMAT: ""
      CMAKE_MSVC_RUNTIME_LIBRARY: "MultiThreaded$<$<CONFIG:Debug>:Debug>$<$<STREQUAL:dynamic,dynamic>:DLL>"
      VCPKG_CHAINLOAD_TOOLCHAIN_FILE: "C:/Program Files/Microsoft Visual Studio/2022/Community/VC/vcpkg/scripts/toolchains/windows.cmake"
      VCPKG_CRT_LINKAGE: "dynamic"
      VCPKG_CXX_FLAGS: ""
      VCPKG_CXX_FLAGS_DEBUG: ""
      VCPKG_CXX_FLAGS_RELEASE: ""
      VCPKG_C_FLAGS: ""
      VCPKG_C_FLAGS_DEBUG: ""
      VCPKG_C_FLAGS_RELEASE: ""
      VCPKG_INSTALLED_DIR: "C:/Users/Alumnos/Desktop/POO_Gameinaki/vcpkg_installed"
      VCPKG_LINKER_FLAGS: ""
      VCPKG_LINKER_FLAGS_DEBUG: ""
      VCPKG_LINKER_FLAGS_RELEASE: ""
      VCPKG_PLATFORM_TOOLSET: "v143"
      VCPKG_PREFER_SYSTEM_LIBS: "OFF"
      VCPKG_SET_CHARSET_FLAG: "ON"
      VCPKG_TARGET_ARCHITECTURE: "x64"
      VCPKG_TARGET_TRIPLET: "x64-windows"
      Z_VCPKG_ROOT_DIR: "C:/Program Files/Microsoft Visual Studio/2022/Community/VC/vcpkg"
    buildResult:
      variable: "CMAKE_C_ABI_COMPILED"
      cached: true
      stdout: |
        Change Dir: 'C:/Users/Alumnos/Desktop/POO_Gameinaki/vcpkg_installed/vcpkg/blds/curl/x64-windows-dbg/CMakeFiles/CMakeScratch/TryCompile-w1pyip'
        
        Run Build Command(s): C:/Users/Alumnos/AppData/Local/vcpkg/downloads/tools/ninja/1.10.2-windows/ninja.exe -v cmTC_93586
        [1/2] C:\\PROGRA~1\\MICROS~2\\2022\\COMMUN~1\\VC\\Tools\\MSVC\\1443~1.348\\bin\\Hostx64\\x64\\cl.exe  /nologo   /nologo /DWIN32 /D_WINDOWS /utf-8 /MP   /D_DEBUG /MDd /Z7 /Ob0 /Od /RTC1  -MDd /showIncludes /FoCMakeFiles\\cmTC_93586.dir\\CMakeCCompilerABI.c.obj /FdCMakeFiles\\cmTC_93586.dir\\ /FS -c C:\\Users\\Alumnos\\AppData\\Local\\vcpkg\\downloads\\tools\\cmake-3.30.1-windows\\cmake-3.30.1-windows-i386\\share\\cmake-3.30\\Modules\\CMakeCCompilerABI.c
        [2/2] C:\\WINDOWS\\system32\\cmd.exe /C "cd . && C:\\Users\\Alumnos\\AppData\\Local\\vcpkg\\downloads\\tools\\cmake-3.30.1-windows\\cmake-3.30.1-windows-i386\\bin\\cmake.exe -E vs_link_exe --intdir=CMakeFiles\\cmTC_93586.dir --rc=C:\\PROGRA~2\\WI3CF2~1\\10\\bin\\100226~1.0\\x64\\rc.exe --mt=C:\\PROGRA~2\\WI3CF2~1\\10\\bin\\100226~1.0\\x64\\mt.exe --manifests  -- C:\\PROGRA~1\\MICROS~2\\2022\\COMMUN~1\\VC\\Tools\\MSVC\\1443~1.348\\bin\\Hostx64\\x64\\link.exe /nologo CMakeFiles\\cmTC_93586.dir\\CMakeCCompilerABI.c.obj  /out:cmTC_93586.exe /implib:cmTC_93586.lib /pdb:cmTC_93586.pdb /version:0.0 /machine:x64  /nologo    /debug /INCREMENTAL /subsystem:console  kernel32.lib user32.lib gdi32.lib winspool.lib shell32.lib ole32.lib oleaut32.lib uuid.lib comdlg32.lib advapi32.lib && cd ."
        
      exitCode: 0
  -
    kind: "message-v1"
    backtrace:
      - "C:/Users/Alumnos/AppData/Local/vcpkg/downloads/tools/cmake-3.30.1-windows/cmake-3.30.1-windows-i386/share/cmake-3.30/Modules/CMakeDetermineCompilerABI.cmake:218 (message)"
      - "C:/Users/Alumnos/AppData/Local/vcpkg/downloads/tools/cmake-3.30.1-windows/cmake-3.30.1-windows-i386/share/cmake-3.30/Modules/CMakeTestCCompiler.cmake:26 (CMAKE_DETERMINE_COMPILER_ABI)"
      - "CMakeLists.txt:65 (project)"
    message: |
      Parsed C implicit link information:
        link line regex: [^( *|.*[/\\])(ld[0-9]*(\\.[a-z]+)?|link\\.exe|lld-link(\\.exe)?|CMAKE_LINK_STARTFILE-NOTFOUND|([^/\\]+-)?ld|collect2)[^/\\]*( |$)]
        linker tool regex: [^[ 	]*(->|")?[ 	]*(([^"]*[/\\])?(ld[0-9]*(\\.[a-z]+)?|link\\.exe|lld-link(\\.exe)?))("|,| |$)]
        linker tool for 'C': C:/PROGRA~1/MICROS~2/2022/COMMUN~1/VC/Tools/MSVC/1443~1.348/bin/Hostx64/x64/link.exe
        implicit libs: []
        implicit objs: []
        implicit dirs: []
        implicit fwks: []
      
      
  -
    kind: "message-v1"
    backtrace:
      - "C:/Users/Alumnos/AppData/Local/vcpkg/downloads/tools/cmake-3.30.1-windows/cmake-3.30.1-windows-i386/share/cmake-3.30/Modules/Internal/CMakeDetermineLinkerId.cmake:40 (message)"
      - "C:/Users/Alumnos/AppData/Local/vcpkg/downloads/tools/cmake-3.30.1-windows/cmake-3.30.1-windows-i386/share/cmake-3.30/Modules/CMakeDetermineCompilerABI.cmake:255 (cmake_determine_linker_id)"
      - "C:/Users/Alumnos/AppData/Local/vcpkg/downloads/tools/cmake-3.30.1-windows/cmake-3.30.1-windows-i386/share/cmake-3.30/Modules/CMakeTestCCompiler.cmake:26 (CMAKE_DETERMINE_COMPILER_ABI)"
      - "CMakeLists.txt:65 (project)"
    message: |
      Running the C compiler's linker: "C:/PROGRA~1/MICROS~2/2022/COMMUN~1/VC/Tools/MSVC/1443~1.348/bin/Hostx64/x64/link.exe" "-v"
      Microsoft (R) Incremental Linker Version 14.43.34809.0
      Copyright (C) Microsoft Corporation.  All rights reserved.
  -
    kind: "try_compile-v1"
    backtrace:
      - "CMake/Macros.cmake:51 (try_compile)"
      - "CMakeLists.txt:230 (curl_internal_test)"
    directories:
      source: "C:/Users/Alumnos/Desktop/POO_Gameinaki/vcpkg_installed/vcpkg/blds/curl/x64-windows-dbg/CMakeFiles/CMakeTmp"
      binary: "C:/Users/Alumnos/Desktop/POO_Gameinaki/vcpkg_installed/vcpkg/blds/curl/x64-windows-dbg/CMakeFiles/CMakeTmp"
    cmakeVariables:
      CMAKE_C_FLAGS: " /nologo /DWIN32 /D_WINDOWS /utf-8 /MP "
      CMAKE_C_FLAGS_DEBUG: "/D_DEBUG /MDd /Z7 /Ob0 /Od /RTC1 "
      CMAKE_EXE_LINKER_FLAGS: "/machine:x64"
      CMAKE_MODULE_PATH: "C:/Users/Alumnos/Desktop/POO_Gameinaki/vcpkg_installed/vcpkg/blds/curl/src/url-8_15_0-8a95464ca7.clean/CMake"
      CMAKE_MSVC_DEBUG_INFORMATION_FORMAT: ""
      CMAKE_MSVC_RUNTIME_LIBRARY: "MultiThreaded$<$<CONFIG:Debug>:Debug>$<$<STREQUAL:dynamic,dynamic>:DLL>"
      VCPKG_CHAINLOAD_TOOLCHAIN_FILE: "C:/Program Files/Microsoft Visual Studio/2022/Community/VC/vcpkg/scripts/toolchains/windows.cmake"
      VCPKG_CRT_LINKAGE: "dynamic"
      VCPKG_CXX_FLAGS: ""
      VCPKG_CXX_FLAGS_DEBUG: ""
      VCPKG_CXX_FLAGS_RELEASE: ""
      VCPKG_C_FLAGS: ""
      VCPKG_C_FLAGS_DEBUG: ""
      VCPKG_C_FLAGS_RELEASE: ""
      VCPKG_INSTALLED_DIR: "C:/Users/Alumnos/Desktop/POO_Gameinaki/vcpkg_installed"
      VCPKG_LINKER_FLAGS: ""
      VCPKG_LINKER_FLAGS_DEBUG: ""
      VCPKG_LINKER_FLAGS_RELEASE: ""
      VCPKG_PLATFORM_TOOLSET: "v143"
      VCPKG_PREFER_SYSTEM_LIBS: "OFF"
      VCPKG_SET_CHARSET_FLAG: "ON"
      VCPKG_TARGET_ARCHITECTURE: "x64"
      VCPKG_TARGET_TRIPLET: "x64-windows"
      Z_VCPKG_ROOT_DIR: "C:/Program Files/Microsoft Visual Studio/2022/Community/VC/vcpkg"
    buildResult:
      variable: "HAVE_WIN32_WINNT"
      cached: true
      stdout: |
        Change Dir: 'C:/Users/Alumnos/Desktop/POO_Gameinaki/vcpkg_installed/vcpkg/blds/curl/x64-windows-dbg/CMakeFiles/CMakeTmp'
        
        Run Build Command(s): C:/Users/Alumnos/AppData/Local/vcpkg/downloads/tools/ninja/1.10.2-windows/ninja.exe -v cmTC_b70ee
        [1/2] C:\\PROGRA~1\\MICROS~2\\2022\\COMMUN~1\\VC\\Tools\\MSVC\\1443~1.348\\bin\\Hostx64\\x64\\cl.exe  /nologo   /nologo /DWIN32 /D_WINDOWS /utf-8 /MP  -DHAVE_WIN32_WINNT   -DWIN32_LEAN_AND_MEAN -D_CRT_NONSTDC_NO_DEPRECATE /D_DEBUG /MDd /Z7 /Ob0 /Od /RTC1  -MDd /showIncludes /FoCMakeFiles\\cmTC_b70ee.dir\\CurlTests.c.obj /FdCMakeFiles\\cmTC_b70ee.dir\\ /FS -c C:\\Users\\Alumnos\\Desktop\\POO_Gameinaki\\vcpkg_installed\\vcpkg\\blds\\curl\\src\\url-8_15_0-8a95464ca7.clean\\CMake\\CurlTests.c
        _WIN32_WINNT=0x0A00
        [2/2] C:\\WINDOWS\\system32\\cmd.exe /C "cd . && C:\\Users\\Alumnos\\AppData\\Local\\vcpkg\\downloads\\tools\\cmake-3.30.1-windows\\cmake-3.30.1-windows-i386\\bin\\cmake.exe -E vs_link_exe --intdir=CMakeFiles\\cmTC_b70ee.dir --rc=C:\\PROGRA~2\\WI3CF2~1\\10\\bin\\100226~1.0\\x64\\rc.exe --mt=C:\\PROGRA~2\\WI3CF2~1\\10\\bin\\100226~1.0\\x64\\mt.exe --manifests  -- C:\\PROGRA~1\\MICROS~2\\2022\\COMMUN~1\\VC\\Tools\\MSVC\\1443~1.348\\bin\\Hostx64\\x64\\link.exe /nologo CMakeFiles\\cmTC_b70ee.dir\\CurlTests.c.obj  /out:cmTC_b70ee.exe /implib:cmTC_b70ee.lib /pdb:cmTC_b70ee.pdb /version:0.0 /machine:x64  /nologo    /debug /INCREMENTAL /subsystem:console  kernel32.lib user32.lib gdi32.lib winspool.lib shell32.lib ole32.lib oleaut32.lib uuid.lib comdlg32.lib advapi32.lib && cd ."
        
      exitCode: 0
  -
    kind: "try_compile-v1"
    backtrace:
      - "C:/Users/Alumnos/AppData/Local/vcpkg/downloads/tools/cmake-3.30.1-windows/cmake-3.30.1-windows-i386/share/cmake-3.30/Modules/CheckTypeSize.cmake:147 (try_compile)"
      - "C:/Users/Alumnos/AppData/Local/vcpkg/downloads/tools/cmake-3.30.1-windows/cmake-3.30.1-windows-i386/share/cmake-3.30/Modules/CheckTypeSize.cmake:272 (__check_type_size_impl)"
      - "CMakeLists.txt:1690 (check_type_size)"
    checks:
      - "Check size of size_t"
    directories:
      source: "C:/Users/Alumnos/Desktop/POO_Gameinaki/vcpkg_installed/vcpkg/blds/curl/x64-windows-dbg/CMakeFiles/CMakeScratch/TryCompile-cls9ct"
      binary: "C:/Users/Alumnos/Desktop/POO_Gameinaki/vcpkg_installed/vcpkg/blds/curl/x64-windows-dbg/CMakeFiles/CMakeScratch/TryCompile-cls9ct"
    cmakeVariables:
      CMAKE_C_FLAGS: " /nologo /DWIN32 /D_WINDOWS /utf-8 /MP "
      CMAKE_C_FLAGS_DEBUG: "/D_DEBUG /MDd /Z7 /Ob0 /Od /RTC1 "
      CMAKE_EXE_LINKER_FLAGS: "/machine:x64"
      CMAKE_MODULE_PATH: "C:/Users/Alumnos/Desktop/POO_Gameinaki/vcpkg_installed/vcpkg/blds/curl/src/url-8_15_0-8a95464ca7.clean/CMake"
      CMAKE_MSVC_DEBUG_INFORMATION_FORMAT: ""
      CMAKE_MSVC_RUNTIME_LIBRARY: "MultiThreaded$<$<CONFIG:Debug>:Debug>$<$<STREQUAL:dynamic,dynamic>:DLL>"
      VCPKG_CHAINLOAD_TOOLCHAIN_FILE: "C:/Program Files/Microsoft Visual Studio/2022/Community/VC/vcpkg/scripts/toolchains/windows.cmake"
      VCPKG_CRT_LINKAGE: "dynamic"
      VCPKG_CXX_FLAGS: ""
      VCPKG_CXX_FLAGS_DEBUG: ""
      VCPKG_CXX_FLAGS_RELEASE: ""
      VCPKG_C_FLAGS: ""
      VCPKG_C_FLAGS_DEBUG: ""
      VCPKG_C_FLAGS_RELEASE: ""
      VCPKG_INSTALLED_DIR: "C:/Users/Alumnos/Desktop/POO_Gameinaki/vcpkg_installed"
      VCPKG_LINKER_FLAGS: ""
      VCPKG_LINKER_FLAGS_DEBUG: ""
      VCPKG_LINKER_FLAGS_RELEASE: ""
      VCPKG_PLATFORM_TOOLSET: "v143"
      VCPKG_PREFER_SYSTEM_LIBS: "OFF"
      VCPKG_SET_CHARSET_FLAG: "ON"
      VCPKG_TARGET_ARCHITECTURE: "x64"
      VCPKG_TARGET_TRIPLET: "x64-windows"
      Z_VCPKG_ROOT_DIR: "C:/Program Files/Microsoft Visual Studio/2022/Community/VC/vcpkg"
    buildResult:
      variable: "HAVE_SIZEOF_SIZE_T"
      cached: true
      stdout: |
        Change Dir: 'C:/Users/Alumnos/Desktop/POO_Gameinaki/vcpkg_installed/vcpkg/blds/curl/x64-windows-dbg/CMakeFiles/CMakeScratch/TryCompile-cls9ct'
        
        Run Build Command(s): C:/Users/Alumnos/AppData/Local/vcpkg/downloads/tools/ninja/1.10.2-windows/ninja.exe -v cmTC_4d29d
        [1/2] C:\\PROGRA~1\\MICROS~2\\2022\\COMMUN~1\\VC\\Tools\\MSVC\\1443~1.348\\bin\\Hostx64\\x64\\cl.exe  /nologo -DWIN32_LEAN_AND_MEAN -D_CRT_NONSTDC_NO_DEPRECATE  /nologo /DWIN32 /D_WINDOWS /utf-8 /MP   -W4 -Wall -wd4061 -wd4191 -wd4255 -wd4464 -wd4548 -wd4574 -wd4668 -wd4710 -wd4711 -wd4746 -wd4774 -wd4820 -wd5045 /D_DEBUG /MDd /Z7 /Ob0 /Od /RTC1  -MDd /showIncludes /FoCMakeFiles\\cmTC_4d29d.dir\\SIZEOF_SIZE_T.c.obj /FdCMakeFiles\\cmTC_4d29d.dir\\ /FS -c C:\\Users\\Alumnos\\Desktop\\POO_Gameinaki\\vcpkg_installed\\vcpkg\\blds\\curl\\x64-windows-dbg\\CMakeFiles\\CMakeScratch\\TryCompile-cls9ct\\SIZEOF_SIZE_T.c
        [2/2] C:\\WINDOWS\\system32\\cmd.exe /C "cd . && C:\\Users\\Alumnos\\AppData\\Local\\vcpkg\\downloads\\tools\\cmake-3.30.1-windows\\cmake-3.30.1-windows-i386\\bin\\cmake.exe -E vs_link_exe --intdir=CMakeFiles\\cmTC_4d29d.dir --rc=C:\\PROGRA~2\\WI3CF2~1\\10\\bin\\100226~1.0\\x64\\rc.exe --mt=C:\\PROGRA~2\\WI3CF2~1\\10\\bin\\100226~1.0\\x64\\mt.exe --manifests  -- C:\\PROGRA~1\\MICROS~2\\2022\\COMMUN~1\\VC\\Tools\\MSVC\\1443~1.348\\bin\\Hostx64\\x64\\link.exe /nologo CMakeFiles\\cmTC_4d29d.dir\\SIZEOF_SIZE_T.c.obj  /out:cmTC_4d29d.exe /implib:cmTC_4d29d.lib /pdb:cmTC_4d29d.pdb /version:0.0 /machine:x64  /nologo    /debug /INCREMENTAL /subsystem:console  kernel32.lib user32.lib gdi32.lib winspool.lib shell32.lib ole32.lib oleaut32.lib uuid.lib comdlg32.lib advapi32.lib && cd ."
        
      exitCode: 0
  -
    kind: "try_compile-v1"
    backtrace:
      - "C:/Users/Alumnos/AppData/Local/vcpkg/downloads/tools/cmake-3.30.1-windows/cmake-3.30.1-windows-i386/share/cmake-3.30/Modules/CheckTypeSize.cmake:147 (try_compile)"
      - "C:/Users/Alumnos/AppData/Local/vcpkg/downloads/tools/cmake-3.30.1-windows/cmake-3.30.1-windows-i386/share/cmake-3.30/Modules/CheckTypeSize.cmake:272 (__check_type_size_impl)"
      - "CMakeLists.txt:1696 (check_type_size)"
    checks:
      - "Check size of time_t"
    directories:
      source: "C:/Users/Alumnos/Desktop/POO_Gameinaki/vcpkg_installed/vcpkg/blds/curl/x64-windows-dbg/CMakeFiles/CMakeScratch/TryCompile-i7k0po"
      binary: "C:/Users/Alumnos/Desktop/POO_Gameinaki/vcpkg_installed/vcpkg/blds/curl/x64-windows-dbg/CMakeFiles/CMakeScratch/TryCompile-i7k0po"
    cmakeVariables:
      CMAKE_C_FLAGS: " /nologo /DWIN32 /D_WINDOWS /utf-8 /MP "
      CMAKE_C_FLAGS_DEBUG: "/D_DEBUG /MDd /Z7 /Ob0 /Od /RTC1 "
      CMAKE_EXE_LINKER_FLAGS: "/machine:x64"
      CMAKE_MODULE_PATH: "C:/Users/Alumnos/Desktop/POO_Gameinaki/vcpkg_installed/vcpkg/blds/curl/src/url-8_15_0-8a95464ca7.clean/CMake"
      CMAKE_MSVC_DEBUG_INFORMATION_FORMAT: ""
      CMAKE_MSVC_RUNTIME_LIBRARY: "MultiThreaded$<$<CONFIG:Debug>:Debug>$<$<STREQUAL:dynamic,dynamic>:DLL>"
      VCPKG_CHAINLOAD_TOOLCHAIN_FILE: "C:/Program Files/Microsoft Visual Studio/2022/Community/VC/vcpkg/scripts/toolchains/windows.cmake"
      VCPKG_CRT_LINKAGE: "dynamic"
      VCPKG_CXX_FLAGS: ""
      VCPKG_CXX_FLAGS_DEBUG: ""
      VCPKG_CXX_FLAGS_RELEASE: ""
      VCPKG_C_FLAGS: ""
      VCPKG_C_FLAGS_DEBUG: ""
      VCPKG_C_FLAGS_RELEASE: ""
      VCPKG_INSTALLED_DIR: "C:/Users/Alumnos/Desktop/POO_Gameinaki/vcpkg_installed"
      VCPKG_LINKER_FLAGS: ""
      VCPKG_LINKER_FLAGS_DEBUG: ""
      VCPKG_LINKER_FLAGS_RELEASE: ""
      VCPKG_PLATFORM_TOOLSET: "v143"
      VCPKG_PREFER_SYSTEM_LIBS: "OFF"
      VCPKG_SET_CHARSET_FLAG: "ON"
      VCPKG_TARGET_ARCHITECTURE: "x64"
      VCPKG_TARGET_TRIPLET: "x64-windows"
      Z_VCPKG_ROOT_DIR: "C:/Program Files/Microsoft Visual Studio/2022/Community/VC/vcpkg"
    buildResult:
      variable: "HAVE_SIZEOF_TIME_T"
      cached: true
      stdout: |
        Change Dir: 'C:/Users/Alumnos/Desktop/POO_Gameinaki/vcpkg_installed/vcpkg/blds/curl/x64-windows-dbg/CMakeFiles/CMakeScratch/TryCompile-i7k0po'
        
        Run Build Command(s): C:/Users/Alumnos/AppData/Local/vcpkg/downloads/tools/ninja/1.10.2-windows/ninja.exe -v cmTC_258b2
        [1/2] C:\\PROGRA~1\\MICROS~2\\2022\\COMMUN~1\\VC\\Tools\\MSVC\\1443~1.348\\bin\\Hostx64\\x64\\cl.exe  /nologo -DWIN32_LEAN_AND_MEAN -D_CRT_NONSTDC_NO_DEPRECATE  /nologo /DWIN32 /D_WINDOWS /utf-8 /MP   -W4 -Wall -wd4061 -wd4191 -wd4255 -wd4464 -wd4548 -wd4574 -wd4668 -wd4710 -wd4711 -wd4746 -wd4774 -wd4820 -wd5045 /D_DEBUG /MDd /Z7 /Ob0 /Od /RTC1  -MDd /showIncludes /FoCMakeFiles\\cmTC_258b2.dir\\SIZEOF_TIME_T.c.obj /FdCMakeFiles\\cmTC_258b2.dir\\ /FS -c C:\\Users\\Alumnos\\Desktop\\POO_Gameinaki\\vcpkg_installed\\vcpkg\\blds\\curl\\x64-windows-dbg\\CMakeFiles\\CMakeScratch\\TryCompile-i7k0po\\SIZEOF_TIME_T.c
        [2/2] C:\\WINDOWS\\system32\\cmd.exe /C "cd . && C:\\Users\\Alumnos\\AppData\\Local\\vcpkg\\downloads\\tools\\cmake-3.30.1-windows\\cmake-3.30.1-windows-i386\\bin\\cmake.exe -E vs_link_exe --intdir=CMakeFiles\\cmTC_258b2.dir --rc=C:\\PROGRA~2\\WI3CF2~1\\10\\bin\\100226~1.0\\x64\\rc.exe --mt=C:\\PROGRA~2\\WI3CF2~1\\10\\bin\\100226~1.0\\x64\\mt.exe --manifests  -- C:\\PROGRA~1\\MICROS~2\\2022\\COMMUN~1\\VC\\Tools\\MSVC\\1443~1.348\\bin\\Hostx64\\x64\\link.exe /nologo CMakeFiles\\cmTC_258b2.dir\\SIZEOF_TIME_T.c.obj  /out:cmTC_258b2.exe /implib:cmTC_258b2.lib /pdb:cmTC_258b2.pdb /version:0.0 /machine:x64  /nologo    /debug /INCREMENTAL /subsystem:console  kernel32.lib user32.lib gdi32.lib winspool.lib shell32.lib ole32.lib oleaut32.lib uuid.lib comdlg32.lib advapi32.lib && cd ."
        
      exitCode: 0
  -
    kind: "try_compile-v1"
    backtrace:
      - "C:/Users/Alumnos/AppData/Local/vcpkg/downloads/tools/cmake-3.30.1-windows/cmake-3.30.1-windows-i386/share/cmake-3.30/Modules/CheckTypeSize.cmake:147 (try_compile)"
      - "C:/Users/Alumnos/AppData/Local/vcpkg/downloads/tools/cmake-3.30.1-windows/cmake-3.30.1-windows-i386/share/cmake-3.30/Modules/CheckTypeSize.cmake:272 (__check_type_size_impl)"
      - "CMakeLists.txt:1908 (check_type_size)"
    checks:
      - "Check size of curl_socket_t"
    directories:
      source: "C:/Users/Alumnos/Desktop/POO_Gameinaki/vcpkg_installed/vcpkg/blds/curl/x64-windows-dbg/CMakeFiles/CMakeScratch/TryCompile-l0ovox"
      binary: "C:/Users/Alumnos/Desktop/POO_Gameinaki/vcpkg_installed/vcpkg/blds/curl/x64-windows-dbg/CMakeFiles/CMakeScratch/TryCompile-l0ovox"
    cmakeVariables:
      CMAKE_C_FLAGS: " /nologo /DWIN32 /D_WINDOWS /utf-8 /MP "
      CMAKE_C_FLAGS_DEBUG: "/D_DEBUG /MDd /Z7 /Ob0 /Od /RTC1 "
      CMAKE_EXE_LINKER_FLAGS: "/machine:x64"
      CMAKE_MODULE_PATH: "C:/Users/Alumnos/Desktop/POO_Gameinaki/vcpkg_installed/vcpkg/blds/curl/src/url-8_15_0-8a95464ca7.clean/CMake"
      CMAKE_MSVC_DEBUG_INFORMATION_FORMAT: ""
      CMAKE_MSVC_RUNTIME_LIBRARY: "MultiThreaded$<$<CONFIG:Debug>:Debug>$<$<STREQUAL:dynamic,dynamic>:DLL>"
      VCPKG_CHAINLOAD_TOOLCHAIN_FILE: "C:/Program Files/Microsoft Visual Studio/2022/Community/VC/vcpkg/scripts/toolchains/windows.cmake"
      VCPKG_CRT_LINKAGE: "dynamic"
      VCPKG_CXX_FLAGS: ""
      VCPKG_CXX_FLAGS_DEBUG: ""
      VCPKG_CXX_FLAGS_RELEASE: ""
      VCPKG_C_FLAGS: ""
      VCPKG_C_FLAGS_DEBUG: ""
      VCPKG_C_FLAGS_RELEASE: ""
      VCPKG_INSTALLED_DIR: "C:/Users/Alumnos/Desktop/POO_Gameinaki/vcpkg_installed"
      VCPKG_LINKER_FLAGS: ""
      VCPKG_LINKER_FLAGS_DEBUG: ""
      VCPKG_LINKER_FLAGS_RELEASE: ""
      VCPKG_PLATFORM_TOOLSET: "v143"
      VCPKG_PREFER_SYSTEM_LIBS: "OFF"
      VCPKG_SET_CHARSET_FLAG: "ON"
      VCPKG_TARGET_ARCHITECTURE: "x64"
      VCPKG_TARGET_TRIPLET: "x64-windows"
      Z_VCPKG_ROOT_DIR: "C:/Program Files/Microsoft Visual Studio/2022/Community/VC/vcpkg"
    buildResult:
      variable: "HAVE_SIZEOF_CURL_SOCKET_T"
      cached: true
      stdout: |
        Change Dir: 'C:/Users/Alumnos/Desktop/POO_Gameinaki/vcpkg_installed/vcpkg/blds/curl/x64-windows-dbg/CMakeFiles/CMakeScratch/TryCompile-l0ovox'
        
        Run Build Command(s): C:/Users/Alumnos/AppData/Local/vcpkg/downloads/tools/ninja/1.10.2-windows/ninja.exe -v cmTC_701ba
        [1/2] C:\\PROGRA~1\\MICROS~2\\2022\\COMMUN~1\\VC\\Tools\\MSVC\\1443~1.348\\bin\\Hostx64\\x64\\cl.exe  /nologo -DWIN32_LEAN_AND_MEAN -D_CRT_NONSTDC_NO_DEPRECATE -IC:\\Users\\Alumnos\\Desktop\\POO_Gameinaki\\vcpkg_installed\\vcpkg\\blds\\curl\\src\\url-8_15_0-8a95464ca7.clean\\include /nologo /DWIN32 /D_WINDOWS /utf-8 /MP   -W4 -Wall -wd4061 -wd4191 -wd4255 -wd4464 -wd4548 -wd4574 -wd4668 -wd4710 -wd4711 -wd4746 -wd4774 -wd4820 -wd5045 /D_DEBUG /MDd /Z7 /Ob0 /Od /RTC1  -MDd /showIncludes /FoCMakeFiles\\cmTC_701ba.dir\\SIZEOF_CURL_SOCKET_T.c.obj /FdCMakeFiles\\cmTC_701ba.dir\\ /FS -c C:\\Users\\Alumnos\\Desktop\\POO_Gameinaki\\vcpkg_installed\\vcpkg\\blds\\curl\\x64-windows-dbg\\CMakeFiles\\CMakeScratch\\TryCompile-l0ovox\\SIZEOF_CURL_SOCKET_T.c
        [2/2] C:\\WINDOWS\\system32\\cmd.exe /C "cd . && C:\\Users\\Alumnos\\AppData\\Local\\vcpkg\\downloads\\tools\\cmake-3.30.1-windows\\cmake-3.30.1-windows-i386\\bin\\cmake.exe -E vs_link_exe --intdir=CMakeFiles\\cmTC_701ba.dir --rc=C:\\PROGRA~2\\WI3CF2~1\\10\\bin\\100226~1.0\\x64\\rc.exe --mt=C:\\PROGRA~2\\WI3CF2~1\\10\\bin\\100226~1.0\\x64\\mt.exe --manifests  -- C:\\PROGRA~1\\MICROS~2\\2022\\COMMUN~1\\VC\\Tools\\MSVC\\1443~1.348\\bin\\Hostx64\\x64\\link.exe /nologo CMakeFiles\\cmTC_701ba.dir\\SIZEOF_CURL_SOCKET_T.c.obj  /out:cmTC_701ba.exe /implib:cmTC_701ba.lib /pdb:cmTC_701ba.pdb /version:0.0 /machine:x64  /nologo    /debug /INCREMENTAL /subsystem:console  ws2_32.lib  iphlpapi.lib  kernel32.lib user32.lib gdi32.lib winspool.lib shell32.lib ole32.lib oleaut32.lib uuid.lib comdlg32.lib advapi32.lib && cd ."
        
      exitCode: 0
...
