[1/2] "C:/Users/Alumnos/AppData/Local/vcpkg/downloads/tools/cmake-3.30.1-windows/cmake-3.30.1-windows-i386/bin/cmake.exe" -E chdir ".." "C:/Users/Alumnos/AppData/Local/vcpkg/downloads/tools/cmake-3.30.1-windows/cmake-3.30.1-windows-i386/bin/cmake.exe" "C:/Users/Alumnos/Desktop/POO_Gameinaki/vcpkg_installed/vcpkg/blds/curl/src/url-8_15_0-8a95464ca7.clean" "-G" "Ninja" "-DCMAKE_BUILD_TYPE=Release" "-DCMAKE_INSTALL_PREFIX=C:/Users/Alumnos/Desktop/POO_Gameinaki/vcpkg_installed/vcpkg/pkgs/curl_x64-windows" "-DFETCHCONTENT_FULLY_DISCONNECTED=ON" "-DCMAKE_PROJECT_INCLUDE=C:/Users/Alumnos/AppData/Local/vcpkg/registries/git-trees/17b5e90a884a7d07cfc52c26add29106ac9eba6f/cmake-project-include.cmake" "-DPKG_CONFIG_EXECUTABLE=C:/Users/Alumnos/AppData/Local/vcpkg/downloads/tools/msys2/21caed2f81ec917b/mingw64/bin/pkg-config.exe" "-DUSE_NGHTTP2=OFF" "-DCURL_USE_WOLFSSL=OFF" "-DCURL_USE_OPENSSL=OFF" "-DCURL_USE_MBEDTLS=OFF" "-DCURL_USE_LIBSSH2=OFF" "-DBUILD_CURL_EXE=OFF" "-DENABLE_ARES=OFF" "-DCURL_WINDOWS_SSPI=ON" "-DCURL_BROTLI=OFF" "-DCURL_USE_SCHANNEL=ON" "-DUSE_LIBIDN2=OFF" "-DUSE_WIN32_IDN=OFF" "-DCURL_ZSTD=OFF" "-DCURL_USE_LIBPSL=OFF" "-DCURL_USE_GSSAPI=OFF" "-DCURL_USE_GSASL=OFF" "-DCURL_USE_GNUTLS=OFF" "-DUSE_LIBRTMP=OFF" "-DUSE_HTTPSRR=OFF" "-DUSE_SSLS_EXPORT=OFF" "-DCURL_DISABLE_LDAP=ON" "-DCURL_DISABLE_LDAPS=ON" "-DHTTP_ONLY=OFF" "-DCURL_DISABLE_WEBSOCKETS=ON" "-DENABLE_UNICODE=ON" "-DBUILD_TESTING=OFF" "-DENABLE_CURL_MANUAL=OFF" "-DIMPORT_LIB_SUFFIX=" "-DSHARE_LIB_OBJECT=OFF" "-DCURL_CA_FALLBACK=ON" "-DCURL_USE_PKGCONFIG=ON" "-DCMAKE_DISABLE_FIND_PACKAGE_Perl=ON" "-DCMAKE_MAKE_PROGRAM=C:/Users/Alumnos/AppData/Local/vcpkg/downloads/tools/ninja/1.10.2-windows/ninja.exe" "-DBUILD_SHARED_LIBS=ON" "-DVCPKG_CHAINLOAD_TOOLCHAIN_FILE=C:/Program Files/Microsoft Visual Studio/2022/Community/VC/vcpkg/scripts/toolchains/windows.cmake" "-DVCPKG_TARGET_TRIPLET=x64-windows" "-DVCPKG_SET_CHARSET_FLAG=ON" "-DVCPKG_PLATFORM_TOOLSET=v143" "-DCMAKE_EXPORT_NO_PACKAGE_REGISTRY=ON" "-DCMAKE_FIND_PACKAGE_NO_PACKAGE_REGISTRY=ON" "-DCMAKE_FIND_PACKAGE_NO_SYSTEM_PACKAGE_REGISTRY=ON" "-DCMAKE_INSTALL_SYSTEM_RUNTIME_LIBS_SKIP=TRUE" "-DCMAKE_VERBOSE_MAKEFILE=ON" "-DVCPKG_APPLOCAL_DEPS=OFF" "-DCMAKE_TOOLCHAIN_FILE=C:/Program Files/Microsoft Visual Studio/2022/Community/VC/vcpkg/scripts/buildsystems/vcpkg.cmake" "-DCMAKE_ERROR_ON_ABSOLUTE_INSTALL_DESTINATION=ON" "-DVCPKG_CXX_FLAGS=" "-DVCPKG_CXX_FLAGS_RELEASE=" "-DVCPKG_CXX_FLAGS_DEBUG=" "-DVCPKG_C_FLAGS=" "-DVCPKG_C_FLAGS_RELEASE=" "-DVCPKG_C_FLAGS_DEBUG=" "-DVCPKG_CRT_LINKAGE=dynamic" "-DVCPKG_LINKER_FLAGS=" "-DVCPKG_LINKER_FLAGS_RELEASE=" "-DVCPKG_LINKER_FLAGS_DEBUG=" "-DVCPKG_TARGET_ARCHITECTURE=x64" "-DCMAKE_INSTALL_LIBDIR:STRING=lib" "-DCMAKE_INSTALL_BINDIR:STRING=bin" "-D_VCPKG_ROOT_DIR=C:/Program Files/Microsoft Visual Studio/2022/Community/VC/vcpkg" "-D_VCPKG_INSTALLED_DIR=C:/Users/Alumnos/Desktop/POO_Gameinaki/vcpkg_installed" "-DVCPKG_MANIFEST_INSTALL=OFF"
-- Using CMake version 3.30.1
-- curl version=[8.15.0-DEV]
-- The C compiler identification is MSVC 19.43.34809.0
-- Detecting C compiler ABI info
-- Detecting C compiler ABI info - done
-- Check for working C compiler: C:/Program Files/Microsoft Visual Studio/2022/Community/VC/Tools/MSVC/14.43.34808/bin/Hostx64/x64/cl.exe - skipped
-- Detecting C compile features
-- Detecting C compile features - done
-- CMake platform flags: WIN32 MSVC-1943 VCPKG
-- Performing Test HAVE_WIN32_WINNT
-- Performing Test HAVE_WIN32_WINNT - Success
-- Found _WIN32_WINNT=0x0a00
-- Picky compiler options: -W4 -Wall -wd4061 -wd4191 -wd4255 -wd4464 -wd4548 -wd4574 -wd4668 -wd4710 -wd4711 -wd4746 -wd4774 -wd4820 -wd5045
CMake Warning at CMakeLists.txt:534 (message):
  Perl not found.  Will not build manuals.


-- Found ZLIB: optimized;C:/Users/Alumnos/Desktop/POO_Gameinaki/vcpkg_installed/x64-windows/lib/zlib.lib;debug;C:/Users/Alumnos/Desktop/POO_Gameinaki/vcpkg_installed/x64-windows/debug/lib/zlibd.lib (found version "1.3.1")
-- Check size of size_t
-- Check size of size_t - done
-- Check size of time_t
-- Check size of time_t - done
-- Check size of curl_socket_t
-- Check size of curl_socket_t - done
-- Protocols: dict file ftp ftps gopher gophers http https imap imaps ipfs ipns mqtt pop3 pop3s rtsp smb smbs smtp smtps telnet tftp
-- Features: alt-svc AsynchDNS HSTS HTTPS-proxy IPv6 Kerberos Largefile libz NTLM SPNEGO SSL SSPI threadsafe Unicode UnixSockets
-- Enabled SSL backends: Schannel
-- Found PkgConfig: C:/Users/Alumnos/AppData/Local/vcpkg/downloads/tools/msys2/21caed2f81ec917b/mingw64/bin/pkg-config.exe (found version "2.3.0")
-- Checking for module 'zlib'
--   Found zlib, version 1.3.1
-- Checking for module 'zlib'
--   Found zlib, version 1.3.1
-- Configuring done (2.8s)
-- Generating done (0.3s)
CMake Warning:
  Manually-specified variables were not used by the project:

    FETCHCONTENT_FULLY_DISCONNECTED
    _VCPKG_ROOT_DIR


-- Build files have been written to: C:/Users/Alumnos/Desktop/POO_Gameinaki/vcpkg_installed/vcpkg/blds/curl/x64-windows-rel
[2/2] "C:/Users/Alumnos/AppData/Local/vcpkg/downloads/tools/cmake-3.30.1-windows/cmake-3.30.1-windows-i386/bin/cmake.exe" -E chdir "../../x64-windows-dbg" "C:/Users/Alumnos/AppData/Local/vcpkg/downloads/tools/cmake-3.30.1-windows/cmake-3.30.1-windows-i386/bin/cmake.exe" "C:/Users/Alumnos/Desktop/POO_Gameinaki/vcpkg_installed/vcpkg/blds/curl/src/url-8_15_0-8a95464ca7.clean" "-G" "Ninja" "-DCMAKE_BUILD_TYPE=Debug" "-DCMAKE_INSTALL_PREFIX=C:/Users/Alumnos/Desktop/POO_Gameinaki/vcpkg_installed/vcpkg/pkgs/curl_x64-windows/debug" "-DFETCHCONTENT_FULLY_DISCONNECTED=ON" "-DCMAKE_PROJECT_INCLUDE=C:/Users/Alumnos/AppData/Local/vcpkg/registries/git-trees/17b5e90a884a7d07cfc52c26add29106ac9eba6f/cmake-project-include.cmake" "-DPKG_CONFIG_EXECUTABLE=C:/Users/Alumnos/AppData/Local/vcpkg/downloads/tools/msys2/21caed2f81ec917b/mingw64/bin/pkg-config.exe" "-DUSE_NGHTTP2=OFF" "-DCURL_USE_WOLFSSL=OFF" "-DCURL_USE_OPENSSL=OFF" "-DCURL_USE_MBEDTLS=OFF" "-DCURL_USE_LIBSSH2=OFF" "-DBUILD_CURL_EXE=OFF" "-DENABLE_ARES=OFF" "-DCURL_WINDOWS_SSPI=ON" "-DCURL_BROTLI=OFF" "-DCURL_USE_SCHANNEL=ON" "-DUSE_LIBIDN2=OFF" "-DUSE_WIN32_IDN=OFF" "-DCURL_ZSTD=OFF" "-DCURL_USE_LIBPSL=OFF" "-DCURL_USE_GSSAPI=OFF" "-DCURL_USE_GSASL=OFF" "-DCURL_USE_GNUTLS=OFF" "-DUSE_LIBRTMP=OFF" "-DUSE_HTTPSRR=OFF" "-DUSE_SSLS_EXPORT=OFF" "-DCURL_DISABLE_LDAP=ON" "-DCURL_DISABLE_LDAPS=ON" "-DHTTP_ONLY=OFF" "-DCURL_DISABLE_WEBSOCKETS=ON" "-DENABLE_UNICODE=ON" "-DBUILD_TESTING=OFF" "-DENABLE_CURL_MANUAL=OFF" "-DIMPORT_LIB_SUFFIX=" "-DSHARE_LIB_OBJECT=OFF" "-DCURL_CA_FALLBACK=ON" "-DCURL_USE_PKGCONFIG=ON" "-DCMAKE_DISABLE_FIND_PACKAGE_Perl=ON" "-DCMAKE_MAKE_PROGRAM=C:/Users/Alumnos/AppData/Local/vcpkg/downloads/tools/ninja/1.10.2-windows/ninja.exe" "-DBUILD_SHARED_LIBS=ON" "-DVCPKG_CHAINLOAD_TOOLCHAIN_FILE=C:/Program Files/Microsoft Visual Studio/2022/Community/VC/vcpkg/scripts/toolchains/windows.cmake" "-DVCPKG_TARGET_TRIPLET=x64-windows" "-DVCPKG_SET_CHARSET_FLAG=ON" "-DVCPKG_PLATFORM_TOOLSET=v143" "-DCMAKE_EXPORT_NO_PACKAGE_REGISTRY=ON" "-DCMAKE_FIND_PACKAGE_NO_PACKAGE_REGISTRY=ON" "-DCMAKE_FIND_PACKAGE_NO_SYSTEM_PACKAGE_REGISTRY=ON" "-DCMAKE_INSTALL_SYSTEM_RUNTIME_LIBS_SKIP=TRUE" "-DCMAKE_VERBOSE_MAKEFILE=ON" "-DVCPKG_APPLOCAL_DEPS=OFF" "-DCMAKE_TOOLCHAIN_FILE=C:/Program Files/Microsoft Visual Studio/2022/Community/VC/vcpkg/scripts/buildsystems/vcpkg.cmake" "-DCMAKE_ERROR_ON_ABSOLUTE_INSTALL_DESTINATION=ON" "-DVCPKG_CXX_FLAGS=" "-DVCPKG_CXX_FLAGS_RELEASE=" "-DVCPKG_CXX_FLAGS_DEBUG=" "-DVCPKG_C_FLAGS=" "-DVCPKG_C_FLAGS_RELEASE=" "-DVCPKG_C_FLAGS_DEBUG=" "-DVCPKG_CRT_LINKAGE=dynamic" "-DVCPKG_LINKER_FLAGS=" "-DVCPKG_LINKER_FLAGS_RELEASE=" "-DVCPKG_LINKER_FLAGS_DEBUG=" "-DVCPKG_TARGET_ARCHITECTURE=x64" "-DCMAKE_INSTALL_LIBDIR:STRING=lib" "-DCMAKE_INSTALL_BINDIR:STRING=bin" "-D_VCPKG_ROOT_DIR=C:/Program Files/Microsoft Visual Studio/2022/Community/VC/vcpkg" "-D_VCPKG_INSTALLED_DIR=C:/Users/Alumnos/Desktop/POO_Gameinaki/vcpkg_installed" "-DVCPKG_MANIFEST_INSTALL=OFF"
-- Using CMake version 3.30.1
-- curl version=[8.15.0-DEV]
-- The C compiler identification is MSVC 19.43.34809.0
-- Detecting C compiler ABI info
-- Detecting C compiler ABI info - done
-- Check for working C compiler: C:/Program Files/Microsoft Visual Studio/2022/Community/VC/Tools/MSVC/14.43.34808/bin/Hostx64/x64/cl.exe - skipped
-- Detecting C compile features
-- Detecting C compile features - done
-- CMake platform flags: WIN32 MSVC-1943 VCPKG
-- Performing Test HAVE_WIN32_WINNT
-- Performing Test HAVE_WIN32_WINNT - Success
-- Found _WIN32_WINNT=0x0a00
-- Picky compiler options: -W4 -Wall -wd4061 -wd4191 -wd4255 -wd4464 -wd4548 -wd4574 -wd4668 -wd4710 -wd4711 -wd4746 -wd4774 -wd4820 -wd5045
CMake Warning at CMakeLists.txt:534 (message):
  Perl not found.  Will not build manuals.


-- Found ZLIB: optimized;C:/Users/Alumnos/Desktop/POO_Gameinaki/vcpkg_installed/x64-windows/lib/zlib.lib;debug;C:/Users/Alumnos/Desktop/POO_Gameinaki/vcpkg_installed/x64-windows/debug/lib/zlibd.lib (found version "1.3.1")
-- Check size of size_t
-- Check size of size_t - done
-- Check size of time_t
-- Check size of time_t - done
-- Check size of curl_socket_t
-- Check size of curl_socket_t - done
-- Protocols: dict file ftp ftps gopher gophers http https imap imaps ipfs ipns mqtt pop3 pop3s rtsp smb smbs smtp smtps telnet tftp
-- Features: alt-svc AsynchDNS HSTS HTTPS-proxy IPv6 Kerberos Largefile libz NTLM SPNEGO SSL SSPI threadsafe Unicode UnixSockets
-- Enabled SSL backends: Schannel
-- Found PkgConfig: C:/Users/Alumnos/AppData/Local/vcpkg/downloads/tools/msys2/21caed2f81ec917b/mingw64/bin/pkg-config.exe (found version "2.3.0")
-- Checking for module 'zlib'
--   Found zlib, version 1.3.1
-- Checking for module 'zlib'
--   Found zlib, version 1.3.1
-- Configuring done (2.8s)
-- Generating done (0.3s)
CMake Warning:
  Manually-specified variables were not used by the project:

    FETCHCONTENT_FULLY_DISCONNECTED
    _VCPKG_ROOT_DIR


-- Build files have been written to: C:/Users/Alumnos/Desktop/POO_Gameinaki/vcpkg_installed/vcpkg/blds/curl/x64-windows-dbg
